
OpenSBI v0.9
   ____                    _____ ____ _____
  / __ \                  / ____|  _ \_   _|
 | |  | |_ __   ___ _ __ | (___ | |_) || |
 | |  | | '_ \ / _ \ '_ \ \___ \|  _ < | |
 | |__| | |_) |  __/ | | |____) | |_) || |_
  \____/| .__/ \___|_| |_|_____/|____/_____|
        | |
        |_|

Platform Name             : uetrv_pcore,v0
Platform Features         : medeleg
Platform HART Count       : 1
Platform IPI Device       : aclint-mswi
Platform Timer Device     : aclint-mtimer @ 10000000Hz
Platform Console Device   : sifive_uart
Platform HSM Device       : ---
Platform Reboot Device    : ---
Platform Shutdown Device  : ---
Firmware Base             : 0x80000000
Firmware Size             : 220 KB
Runtime SBI Version       : 0.3

Domain0 Name              : root
Domain0 Boot HART         : 0
Domain0 HARTs             : 0*
Domain0 Region00          : 0x02080000-0x020bffff (I)
Domain0 Region01          : 0x80000000-0x8003ffff ()
Domain0 Region02          : 0x02000000-0x0207ffff (I)
Domain0 Region03          : 0x00000000-0xffffffff (R,W,X)
Domain0 Next Address      : 0x80400000
Domain0 Next Arg1         : 0x82200000
Domain0 Next Mode         : S-mode
Domain0 SysReset          : yes

Boot HART ID              : 0
Boot HART Domain          : root
Boot HART ISA             : rv32imasu
Boot HART Features        : scounteren,mcounteren,mcountinhibit,time
Boot HART PMP Count       : 0
Boot HART PMP Granularity : 0
Boot HART PMP Address Bits: 0
Boot HART MHPM Count      : 0
Boot HART MIDELEG         : 0x00000222
Boot HART MEDELEG         : 0x0000b109
[    0.000000] OF: fdt: Ignoring memory range 0x80000000 - 0x80400000
[    0.000000] No DTB passed to the kernel
[    0.000000] Linux version 5.0.0 (rob@macmini) (gcc version 9.2.0 (GCC)) #51 SMP Thu Nov 21 21:04:50 GMT 2019
[    0.000000] initrd not found or empty - disabling initrd
[    0.000000] Zone ranges:
[    0.000000]   Normal   [mem 0x0000000080400000-0x0000000087ffffff]
[    0.000000] Movable zone start for each node
[    0.000000] Early memory node ranges
[    0.000000]   node   0: [mem 0x0000000080400000-0x0000000087ffffff]
[    0.000000] Initmem setup node 0 [mem 0x0000000080400000-0x0000000087ffffff]
[    0.000000] elf_hwcap is 0x1101
[    0.000000] percpu: Embedded 12 pages/cpu @(ptrval) s18508 r8192 d22452 u49152
[    0.000000] Built 1 zonelists, mobility grouping on.  Total pages: 31496
[    0.000000] Kernel command line: console=hvc0 earlycon=sbi
[    0.000000] Dentry cache hash table entries: 16384 (order: 4, 65536 bytes)
[    0.000000] Inode-cache hash table entries: 8192 (order: 3, 32768 bytes)
[    0.000000] Sorting __ex_table...
[    0.000000] Memory: 117716K/126976K available (4619K kernel code, 162K rwdata, 808K rodata, 2294K init, 213K bss, 9260K reserved, 0K cma-reserved)
[    0.000000] SLUB: HWalign=64, Order=0-3, MinObjects=0, CPUs=1, Nodes=1
[    0.000000] rcu: Hierarchical RCU implementation.
[    0.000000] rcu: 	RCU event tracing is enabled.
[    0.000000] rcu: 	RCU restricting CPUs from NR_CPUS=8 to nr_cpu_ids=1.
[    0.000000] rcu: RCU calculated value of scheduler-enlistment delay is 25 jiffies.
[    0.000000] rcu: Adjusting geometry for rcu_fanout_leaf=16, nr_cpu_ids=1
[    0.000000] NR_IRQS: 0, nr_irqs: 0, preallocated irqs: 0
[    0.000000] plic: mapped 2 interrupts to 1 (out of 2) handlers.
[    0.000000] clocksource: riscv_clocksource: mask: 0xffffffff max_cycles: 0xffffffff, max_idle_ns: 191126044627 ns
[    0.000254] sched_clock: 32 bits at 10MHz, resolution 100ns, wraps every 214748364750ns
[    0.002623] Console: colour dummy device 80x25
[    0.085827] printk: console [hvc0] enabled
[    0.088255] Calibrating delay loop (skipped), value calculated using timer frequency.. 20.00 BogoMIPS (lpj=40000)
[    0.093394] pid_max: default: 32768 minimum: 301
[    0.102086] Mount-cache hash table entries: 1024 (order: 0, 4096 bytes)
[    0.105407] Mountpoint-cache hash table entries: 1024 (order: 0, 4096 bytes)
